<world>
  <properties>
    <defaultSize height='13' width='13'/>
  </properties>
  <objects>
    <beeper x='8' y='6' num='1'/>
    <beeper x='7' y='6' num='1'/>
    <beeper x='5' y='6' num='1'/>
    <beeper x='4' y='6' num='1'/>
    <beeper x='3' y='6' num='1'/>
    <beeper x='2' y='6' num='1'/>
    <beeper x='1' y='6' num='1'/>
    <beeper x='8' y='2' num='1'/>
    <beeper x='6' y='5' num='5'/>
    <beeper x='4' y='5' num='1'/>
    <beeper x='3' y='5' num='2'/>
    <beeper x='2' y='5' num='3'/>
    <beeper x='9' y='1' num='1'/>
    <beeper x='8' y='1' num='1'/>
    <beeper x='7' y='1' num='1'/>
    <beeper x='6' y='1' num='1'/>
    <beeper x='5' y='1' num='1'/>
    <beeper x='4' y='1' num='1'/>
    <beeper x='3' y='1' num='1'/>
    <beeper x='2' y='1' num='1'/>
    <beeper x='6' y='4' num='1'/>
    <beeper x='1' y='1' num='1'/>
    <beeper x='3' y='4' num='1'/>
    <beeper x='2' y='4' num='1'/>
    <beeper x='1' y='4' num='1'/>
    <wall x='8' y='4' length='1' style='vertical'/>
    <wall x='6' y='5' length='1' style='vertical'/>
    <wall x='5' y='3' length='1' style='vertical'/>
  </objects>
</world>